
Discarded input sections

 .data          0x0000000000000000        0x0 arch/arm/cpu/armv8/start.o
 .bss           0x0000000000000000        0x0 arch/arm/cpu/armv8/start.o
 .text.set_pgtable_section
                0x0000000000000000       0x14 arch/arm/cpu/armv8/built-in.o
 .text.get_board_id
                0x0000000000000000       0x14 arch/arm/cpu/armv8/built-in.o
 .text.clk_util_ring_msr
                0x0000000000000000      0x100 arch/arm/cpu/armv8/built-in.o
 .text.ring_powerinit
                0x0000000000000000       0x2c arch/arm/cpu/armv8/built-in.o
 .text.board_usb_stop
                0x0000000000000000       0x24 arch/arm/cpu/armv8/built-in.o
 .text.meson_trustzone_efuse_writepattern
                0x0000000000000000       0x48 arch/arm/cpu/armv8/built-in.o
 .text.meson_trustzone_efuse_check
                0x0000000000000000       0x3c arch/arm/cpu/armv8/built-in.o
 .text.debug_efuse_cmd
                0x0000000000000000        0x8 arch/arm/cpu/armv8/built-in.o
 .text.bl31_debug_efuse_write_pattern
                0x0000000000000000       0x60 arch/arm/cpu/armv8/built-in.o
 .text.bl31_debug_efuse_read_pattern
                0x0000000000000000       0x64 arch/arm/cpu/armv8/built-in.o
 .text.aml_get_reboot_reason
                0x0000000000000000       0x10 arch/arm/cpu/armv8/built-in.o
 .text.aml_set_reboot_reason
                0x0000000000000000        0x8 arch/arm/cpu/armv8/built-in.o
 .text.watchdog_init
                0x0000000000000000       0x4c arch/arm/cpu/armv8/built-in.o
 .text.watchdog_reset
                0x0000000000000000       0x10 arch/arm/cpu/armv8/built-in.o
 .text.watchdog_disable
                0x0000000000000000       0x24 arch/arm/cpu/armv8/built-in.o
 .text.hdmitx_poll_reg
                0x0000000000000000       0x5c arch/arm/cpu/armv8/built-in.o
 .text.hdmitx_set_hdr10plus_pkt
                0x0000000000000000      0x174 arch/arm/cpu/armv8/built-in.o
 .text.send_usr_data
                0x0000000000000000       0x94 arch/arm/cpu/armv8/built-in.o
 .text.thermal_get_value
                0x0000000000000000       0x80 arch/arm/cpu/armv8/built-in.o
 .text.send_pwm_delt
                0x0000000000000000       0x68 arch/arm/cpu/armv8/built-in.o
 .text._get_time
                0x0000000000000000       0x10 arch/arm/cpu/armv8/built-in.o
 .text._udelay_
                0x0000000000000000       0x28 arch/arm/cpu/armv8/built-in.o
 .text.aml_delt_get
                0x0000000000000000       0x70 arch/arm/cpu/armv8/built-in.o
 .text.aml_set_voltage
                0x0000000000000000       0xe0 arch/arm/cpu/armv8/built-in.o
 .text.aml_cal_pwm
                0x0000000000000000       0x8c arch/arm/cpu/armv8/built-in.o
 .text.aml_pwm_cal_init
                0x0000000000000000       0x2c arch/arm/cpu/armv8/built-in.o
 .data          0x0000000000000000        0x0 arch/arm/cpu/armv8/built-in.o
 .bss           0x0000000000000000        0x0 arch/arm/cpu/armv8/built-in.o
 .text.setup_board_tags
                0x0000000000000000        0x4 arch/arm/lib/built-in.o
 .text.flush_cache
                0x0000000000000000        0x4 arch/arm/lib/built-in.o
 .text.flush_dcache_all
                0x0000000000000000        0xc arch/arm/lib/built-in.o
 .text.enable_caches
                0x0000000000000000        0xc arch/arm/lib/built-in.o
 .data          0x0000000000000000        0x0 arch/arm/lib/built-in.o
 .__secure_start
                0x0000000000000000        0x0 arch/arm/lib/built-in.o
 .__end         0x0000000000000000        0x0 arch/arm/lib/built-in.o
 .__secure_end  0x0000000000000000        0x0 arch/arm/lib/built-in.o
 .bss           0x0000000000000000        0x0 arch/arm/lib/built-in.o
 .text          0x0000000000000000        0x0 board/amlogic/sm1_ac214_v1/built-in.o
 .text.internalPhyConfig
                0x0000000000000000        0x4 board/amlogic/sm1_ac214_v1/built-in.o
 .text.eth_board_setup
                0x0000000000000000       0x84 board/amlogic/sm1_ac214_v1/built-in.o
 .data          0x0000000000000000        0x0 board/amlogic/sm1_ac214_v1/built-in.o
 .bss           0x0000000000000000        0x0 board/amlogic/sm1_ac214_v1/built-in.o
 .bss.eth_board_skt
                0x0000000000000000        0x8 board/amlogic/sm1_ac214_v1/built-in.o
 .text          0x0000000000000000        0x0 common/built-in.o
 .text.hash_block
                0x0000000000000000       0x78 common/built-in.o
 .text.unset_local_var
                0x0000000000000000       0xc0 common/built-in.o
 .text.coloured_LED_init
                0x0000000000000000        0x4 common/built-in.o
 .text.red_led_on
                0x0000000000000000        0x4 common/built-in.o
 .text.red_led_off
                0x0000000000000000        0x4 common/built-in.o
 .text.green_led_on
                0x0000000000000000        0x4 common/built-in.o
 .text.green_led_off
                0x0000000000000000        0x4 common/built-in.o
 .text.yellow_led_on
[...]
Memory Configuration

Name             Origin             Length             Attributes
*default*        0x0000000000000000 0xffffffffffffffff

Linker script and memory map

Address of section .text set to 0x1000000
                0x0000000000000000                . = 0x0
                0x0000000000000000                . = ALIGN (0x8)

.text           0x0000000001000000    0xd1338
 *(.__image_copy_start)
 .__image_copy_start
                0x0000000001000000        0x0 arch/arm/lib/built-in.o
                0x0000000001000000                __image_copy_start
 arch/arm/cpu/armv8/start.o(.text*)
 .text          0x0000000001000000      0x138 arch/arm/cpu/armv8/start.o
                0x0000000001000000                _start
                0x0000000001000008                _TEXT_BASE
                0x0000000001000010                _end_ofs
                0x0000000001000018                _bss_start_ofs
                0x0000000001000020                _bss_end_ofs
                0x00000000010000b8                lowlevel_init
                0x00000000010000e0                smp_kick_all_cpus
                0x00000000010000ec                c_runtime_cpu_setup
 *(.text*)
 *fill*         0x0000000001000138      0x6c8 
 .text          0x0000000001000800      0xac4 arch/arm/cpu/armv8/built-in.o
                0x0000000001000800                vectors
                0x0000000001001000                __asm_flush_dcache_level
                0x0000000001001064                __asm_dcache_all
                0x00000000010010c4                __asm_flush_dcache_all
                0x00000000010010d8                __asm_invalidate_dcache_all
                0x00000000010010ec                __asm_flush_dcache_range
                0x0000000001001120                __asm_invalidate_icache_all
                0x000000000100112c                __asm_invalidate_tlb_all
                0x0000000001001178                armv8_switch_to_el2
                0x00000000010011d8                armv8_switch_to_el1
                0x0000000001001264                jump_to_a32_kernel
 .text.cleanup_before_linux
                0x00000000010012c4       0x28 arch/arm/cpu/armv8/built-in.o
                0x00000000010012c4                cleanup_before_linux
 .text.get_tbclk
                0x00000000010012ec        0x8 arch/arm/cpu/armv8/built-in.o
                0x00000000010012ec                get_tbclk
 .text.timer_read_counter
                0x00000000010012f4        0xc arch/arm/cpu/armv8/built-in.o
                0x00000000010012f4                timer_read_counter
 .text.mmu_setup
                0x0000000001001300      0x220 arch/arm/cpu/armv8/built-in.o
                0x0000000001001300                mmu_setup
 .text.invalidate_dcache_all
                0x0000000001001520        0x4 arch/arm/cpu/armv8/built-in.o
                0x0000000001001520                invalidate_dcache_all
 .text.flush_l3_cache
                0x0000000001001524        0x4 arch/arm/cpu/armv8/built-in.o
                0x0000000001001524                flush_l3_cache
 .text.flush_dcache_all
                0x0000000001001528       0x14 arch/arm/cpu/armv8/built-in.o
                0x0000000001001528                flush_dcache_all
 .text.invalidate_dcache_range
                0x000000000100153c        0x4 arch/arm/cpu/armv8/built-in.o
                0x000000000100153c                invalidate_dcache_range
 .text.flush_dcache_range
                0x0000000001001540        0x4 arch/arm/cpu/armv8/built-in.o
                0x0000000001001540                flush_dcache_range
 .text.dcache_enable
                0x0000000001001544       0xac arch/arm/cpu/armv8/built-in.o
                0x0000000001001544                dcache_enable
 .text.dcache_disable
                0x00000000010015f0       0x88 arch/arm/cpu/armv8/built-in.o
                0x00000000010015f0                dcache_disable
 .text.dcache_status
                0x0000000001001678       0x34 arch/arm/cpu/armv8/built-in.o
                0x0000000001001678                dcache_status
 .text.icache_enable
                0x00000000010016ac       0x74 arch/arm/cpu/armv8/built-in.o
                0x00000000010016ac                icache_enable
 .text.icache_disable
                0x0000000001001720       0x64 arch/arm/cpu/armv8/built-in.o
                0x0000000001001720                icache_disable
 .text.icache_status
                0x0000000001001784       0x34 arch/arm/cpu/armv8/built-in.o
                0x0000000001001784                icache_status
 .text.invalidate_icache_all
                0x00000000010017b8        0x4 arch/arm/cpu/armv8/built-in.o
                0x00000000010017b8                invalidate_icache_all
 .text.enable_caches
                0x00000000010017bc       0x14 arch/arm/cpu/armv8/built-in.o
                0x00000000010017bc                enable_caches
 .text.flush_cache
                0x00000000010017d0        0x8 arch/arm/cpu/armv8/built-in.o
                0x00000000010017d0                flush_cache
 .text.get_cpu_id
                0x00000000010017d8       0x34 arch/arm/cpu/armv8/built-in.o
                0x00000000010017d8                get_cpu_id
 .text.get_chip_id
                0x000000000100180c       0x84 arch/arm/cpu/armv8/built-in.o
                0x000000000100180c                get_chip_id
 .text.clk_get_rate
                0x0000000001001890       0x38 arch/arm/cpu/armv8/built-in.o
                0x0000000001001890                clk_get_rate
 .text.clk_util_clk_msr
                0x00000000010018c8       0xf0 arch/arm/cpu/armv8/built-in.o
                0x00000000010018c8                clk_util_clk_msr
 .text.get_clk81
                0x00000000010019b8       0x50 arch/arm/cpu/armv8/built-in.o
                0x00000000010019b8                get_clk81
 .text.clk_msr  0x0000000001001a08      0x124 arch/arm/cpu/armv8/built-in.o
                0x0000000001001a08                clk_msr
 .text.cpu_sd_emmc_pwr_prepare
                0x0000000001001b2c        0x4 arch/arm/cpu/armv8/built-in.o
                0x0000000001001b2c                cpu_sd_emmc_pwr_prepare
 .text.cpu_sd_emmc_init
                0x0000000001001b30      0x270 arch/arm/cpu/armv8/built-in.o
                0x0000000001001b30                cpu_sd_emmc_init
 .text.sd_emmc_detect
                0x0000000001001da0      0x208 arch/arm/cpu/armv8/built-in.o
                0x0000000001001da0                sd_emmc_detect
 .text.sd_emmc_para_config
                0x0000000001001fa8       0x54 arch/arm/cpu/armv8/built-in.o
                0x0000000001001fa8                sd_emmc_para_config
 .text.clear_pinmux
                0x0000000001001ffc       0x4c arch/arm/cpu/armv8/built-in.o
                0x0000000001001ffc                clear_pinmux
 .text.board_usb_start
                0x0000000001002048      0x134 arch/arm/cpu/armv8/built-in.o
                0x0000000001002048                board_usb_start
 .text.board_usb_init
                0x000000000100217c       0x64 arch/arm/cpu/armv8/built-in.o
                0x000000000100217c                board_usb_init
 .text.get_usb_count
                0x00000000010021e0       0x10 arch/arm/cpu/armv8/built-in.o
                0x00000000010021e0                get_usb_count
 .text.set_usb_pll
                0x00000000010021f0       0xc8 arch/arm/cpu/armv8/built-in.o
                0x00000000010021f0                set_usb_pll
 .text.board_usb_pll_disable
                0x00000000010022b8       0x50 arch/arm/cpu/armv8/built-in.o
                0x00000000010022b8                board_usb_pll_disable
 .text.set_usb_phy_tuning_1
                0x0000000001002308       0x48 arch/arm/cpu/armv8/built-in.o
                0x0000000001002308                set_usb_phy_tuning_1
 .text.get_sharemem_info
                0x0000000001002350        0x8 arch/arm/cpu/armv8/built-in.o
                0x0000000001002350                get_sharemem_info
 .text.meson_trustzone_efuse
                0x0000000001002358      0x110 arch/arm/cpu/armv8/built-in.o
                0x0000000001002358                meson_trustzone_efuse
 .text.meson_trustzone_efuse_get_max
                0x0000000001002468       0x30 arch/arm/cpu/armv8/built-in.o
                0x0000000001002468                meson_trustzone_efuse_get_max
 .text.aml_set_jtag_state
                0x0000000001002498       0x1c arch/arm/cpu/armv8/built-in.o
                0x0000000001002498                aml_set_jtag_state
 .text.set_viu_probe_enable
                0x00000000010024b4       0x10 arch/arm/cpu/armv8/built-in.o
                0x00000000010024b4                set_viu_probe_enable
 .text.aml_reboot
                0x00000000010024c4       0x10 arch/arm/cpu/armv8/built-in.o
                0x00000000010024c4                aml_reboot
 .text.aml_sec_boot_check
                0x00000000010024d4       0x54 arch/arm/cpu/armv8/built-in.o
                0x00000000010024d4                aml_sec_boot_check
 .text.set_usb_boot_function
                0x0000000001002528       0x14 arch/arm/cpu/armv8/built-in.o
                0x0000000001002528                set_usb_boot_function
 .text.aml_system_off
                0x000000000100253c       0x3c arch/arm/cpu/armv8/built-in.o
                0x000000000100253c                aml_system_off
 .text.__get_chip_id
                0x0000000001002578      0x10c arch/arm/cpu/armv8/built-in.o
                0x0000000001002578                __get_chip_id
 .text.set_pwm_to_input
                0x0000000001002684       0x58 arch/arm/cpu/armv8/built-in.o
                0x0000000001002684                set_pwm_to_input
 .text.reset_system
                0x00000000010026dc       0x90 arch/arm/cpu/armv8/built-in.o
                0x00000000010026dc                reset_system
 .text.reset_cpu
                0x000000000100276c        0xc arch/arm/cpu/armv8/built-in.o
                0x000000000100276c                reset_cpu
 .text.hd_read_reg
                0x0000000001002778       0x30 arch/arm/cpu/armv8/built-in.o
                0x0000000001002778                hd_read_reg
 .text.hd_write_reg
                0x00000000010027a8       0x28 arch/arm/cpu/armv8/built-in.o
                0x00000000010027a8                hd_write_reg
 .text.hd_set_reg_bits
                0x00000000010027d0       0x5c arch/arm/cpu/armv8/built-in.o
                0x00000000010027d0                hd_set_reg_bits
 .text.hdmitx_rd_reg
                0x000000000100282c       0x3c arch/arm/cpu/armv8/built-in.o
                0x000000000100282c                hdmitx_rd_reg
 .text.hdmitx_wr_reg
                0x0000000001002868       0x30 arch/arm/cpu/armv8/built-in.o
                0x0000000001002868                hdmitx_wr_reg
 .text.hdmitx_set_reg_bits
                0x0000000001002898       0x5c arch/arm/cpu/armv8/built-in.o
                0x0000000001002898                hdmitx_set_reg_bits
 .text.hdmitx_rd_check_reg
                0x00000000010028f4       0x78 arch/arm/cpu/armv8/built-in.o
                0x00000000010028f4                hdmitx_rd_check_reg
 .text.hdmitx_turnoff
                0x000000000100296c       0x4c arch/arm/cpu/armv8/built-in.o
 .text.hdmitx_get_hpd_state
                0x00000000010029b8       0x20 arch/arm/cpu/armv8/built-in.o
 .text.hdmitx_list_support_modes
                0x00000000010029d8       0x50 arch/arm/cpu/armv8/built-in.o
 .text.dump_regs
                0x0000000001002a28      0x188 arch/arm/cpu/armv8/built-in.o
 .text.scdc_wr_sink
                0x0000000001002bb0       0x64 arch/arm/cpu/armv8/built-in.o
 .text.hdmitx_set_packet
                0x0000000001002c14      0x2b4 arch/arm/cpu/armv8/built-in.o
 .text.hdmitx_output_blank
                0x0000000001002ec8       0x34 arch/arm/cpu/armv8/built-in.o
 .text.hdmitx_hw_init
                0x0000000001002efc       0xc0 arch/arm/cpu/armv8/built-in.o
 .text.ddc_init
                0x0000000001002fbc      0x174 arch/arm/cpu/armv8/built-in.o
 .text.hdmitx_read_edid
                0x0000000001003130      0x130 arch/arm/cpu/armv8/built-in.o
 .text.set_phy_by_mode.isra.4
                0x0000000001003260      0x130 arch/arm/cpu/armv8/built-in.o
 .text.hdmitx_cntl_config.isra.5.part.6
                0x0000000001003390       0x80 arch/arm/cpu/armv8/built-in.o
 .text.hdmitx_cntl_config.isra.5
                0x0000000001003410       0x94 arch/arm/cpu/armv8/built-in.o
 .text.scdc_rd_sink.constprop.11
                0x00000000010034a4       0x64 arch/arm/cpu/armv8/built-in.o
 .text.hdmitx_test_bist
                0x0000000001003508      0x168 arch/arm/cpu/armv8/built-in.o
 .text.set_tmds_clk_div40
                0x0000000001003670      0x128 arch/arm/cpu/armv8/built-in.o
 .text.hdmi_tx_init
                0x0000000001003798       0x94 arch/arm/cpu/armv8/built-in.o
                0x0000000001003798                hdmi_tx_init
 .text.hdmi_outputmode_check
                0x000000000100382c       0xa0 arch/arm/cpu/armv8/built-in.o
                0x000000000100382c                hdmi_outputmode_check
 .text.hdmitx_set_dith
                0x00000000010038cc       0xf4 arch/arm/cpu/armv8/built-in.o
                0x00000000010038cc                hdmitx_set_dith
 .text.hdmi_tx_set
                0x00000000010039c0     0x28b8 arch/arm/cpu/armv8/built-in.o
                0x00000000010039c0                hdmi_tx_set
 .text.hdmitx_set_drm_pkt
                0x0000000001006278      0x1d4 arch/arm/cpu/armv8/built-in.o
                0x0000000001006278                hdmitx_set_drm_pkt
 .text.hdmitx_set_vsif_pkt
                0x000000000100644c      0x41c arch/arm/cpu/armv8/built-in.o
                0x000000000100644c                hdmitx_set_vsif_pkt
 .text.set_vmode_enc_hw
                0x0000000001006868       0x98 arch/arm/cpu/armv8/built-in.o
                0x0000000001006868                set_vmode_enc_hw
 .text.hdmitx_set_clk_
                0x0000000001006900     0x1ae8 arch/arm/cpu/armv8/built-in.o
                0x0000000001006900                hdmitx_set_clk_
 .text.hdmitx_set_clk
                0x00000000010083e8       0xbc arch/arm/cpu/armv8/built-in.o
                0x00000000010083e8                hdmitx_set_clk
 .text.get_time
                0x00000000010084a4       0x10 arch/arm/cpu/armv8/built-in.o
                0x00000000010084a4                get_time
 .text._udelay  0x00000000010084b4       0x28 arch/arm/cpu/armv8/built-in.o
                0x00000000010084b4                _udelay
 .text.mb_message_start
                0x00000000010084dc       0x18 arch/arm/cpu/armv8/built-in.o
 .text.mb_message_send
                0x00000000010084f4       0x28 arch/arm/cpu/armv8/built-in.o
 .text.mb_message_wait
                0x000000000100851c       0x18 arch/arm/cpu/armv8/built-in.o
 .text.open_scp_log
                0x0000000001008534       0x64 arch/arm/cpu/armv8/built-in.o
                0x0000000001008534                open_scp_log
 .text.thermal_calibration
                0x0000000001008598       0x80 arch/arm/cpu/armv8/built-in.o
                0x0000000001008598                thermal_calibration
 .text.set_boot_first_timeout
                0x0000000001008618       0x54 arch/arm/cpu/armv8/built-in.o
                0x0000000001008618                set_boot_first_timeout
 .text.is_sp_mode
                0x000000000100866c       0x18 arch/arm/cpu/armv8/built-in.o
                0x000000000100866c                is_sp_mode
 .text.get_m4_check_status
                0x0000000001008684       0x2c arch/arm/cpu/armv8/built-in.o
                0x0000000001008684                get_m4_check_status
 .text.bl40_wait_unlock
                0x00000000010086b0       0x48 arch/arm/cpu/armv8/built-in.o
                0x00000000010086b0                bl40_wait_unlock
 .text.send_bl40
                0x00000000010086f8       0xe4 arch/arm/cpu/armv8/built-in.o
                0x00000000010086f8                send_bl40
 .text.ee_gate_off
                0x00000000010087dc        0xc arch/arm/cpu/armv8/built-in.o
                0x00000000010087dc                ee_gate_off
 .text.ee_gate_on
                0x00000000010087e8      0x770 arch/arm/cpu/armv8/built-in.o
                0x00000000010087e8                ee_gate_on
 .text.audiobus_write
                0x0000000001008f58       0x40 arch/arm/cpu/armv8/built-in.o
 .text.audiobus_update_bits
                0x0000000001008f98       0x6c arch/arm/cpu/armv8/built-in.o
 .text.frddr_init_without_mngr
                0x0000000001009004       0xcc arch/arm/cpu/armv8/built-in.o
                0x0000000001009004                frddr_init_without_mngr
 .text.aml_audio_init
                0x00000000010090d0      0x15c arch/arm/cpu/armv8/built-in.o
                0x00000000010090d0                aml_audio_init
 *fill*         0x000000000100922c        0x4 
 .text          0x0000000001009230      0x168 arch/arm/lib/built-in.o
                0x0000000001009230                _main
                0x00000000010092b0                relocate_code
                0x0000000001009388                gic_init_secure
                0x000000000100938c                gic_init_secure_percpu
                0x0000000001009390                gic_kick_secondary_cpus
                0x0000000001009394                gic_wait_for_interrupt
 .text.arch_fixup_fdt
                0x0000000001009398       0x34 arch/arm/lib/built-in.o
                0x0000000001009398                arch_fixup_fdt
 .text.boot_prep_linux
                0x00000000010093cc       0x58 arch/arm/lib/built-in.o
 .text.boot_jump_linux
                0x0000000001009424       0xd0 arch/arm/lib/built-in.o
 .text.arch_lmb_reserve
                0x00000000010094f4       0x24 arch/arm/lib/built-in.o
                0x00000000010094f4                arch_lmb_reserve
 .text.do_bootm_linux
                0x0000000001009518       0x78 arch/arm/lib/built-in.o
                0x0000000001009518                do_bootm_linux
 .text.boot_prep_vxworks
                0x0000000001009590       0x64 arch/arm/lib/built-in.o
                0x0000000001009590                boot_prep_vxworks
 .text.boot_jump_vxworks
                0x00000000010095f4       0x1c arch/arm/lib/built-in.o
                0x00000000010095f4                boot_jump_vxworks
 .text.interrupt_init
                0x0000000001009610        0x8 arch/arm/lib/built-in.o
                0x0000000001009610                interrupt_init
 .text.enable_interrupts
                0x0000000001009618        0x4 arch/arm/lib/built-in.o
                0x0000000001009618                enable_interrupts
 .text.disable_interrupts
                0x000000000100961c        0x8 arch/arm/lib/built-in.o
                0x000000000100961c                disable_interrupts
 .text.show_regs
                0x0000000001009624       0x7c arch/arm/lib/built-in.o
                0x0000000001009624                show_regs
 .text.do_bad_sync
                0x00000000010096a0       0x30 arch/arm/lib/built-in.o
                0x00000000010096a0                do_bad_sync
 .text.do_bad_irq
                0x00000000010096d0       0x30 arch/arm/lib/built-in.o
                0x00000000010096d0                do_bad_irq
 .text.do_bad_fiq
                0x0000000001009700       0x30 arch/arm/lib/built-in.o
                0x0000000001009700                do_bad_fiq
 .text.do_bad_error
                0x0000000001009730       0x30 arch/arm/lib/built-in.o
                0x0000000001009730                do_bad_error
 .text.do_sync  0x0000000001009760       0x30 arch/arm/lib/built-in.o
                0x0000000001009760                do_sync
 .text.do_irq   0x0000000001009790       0x30 arch/arm/lib/built-in.o
                0x0000000001009790                do_irq
 .text.do_fiq   0x00000000010097c0       0x30 arch/arm/lib/built-in.o
                0x00000000010097c0                do_fiq
 .text.do_error
                0x00000000010097f0       0x30 arch/arm/lib/built-in.o
                0x00000000010097f0                do_error
 .text.reset_misc
                0x0000000001009820        0x4 arch/arm/lib/built-in.o
                0x0000000001009820                reset_misc
 .text.do_reset
                0x0000000001009824       0x38 arch/arm/lib/built-in.o
                0x0000000001009824                do_reset
 .text.sd_emmc_pwr_on
                0x000000000100985c        0x4 board/amlogic/sm1_ac214_v1/built-in.o
 .text.sd_emmc_pwr_off
                0x0000000001009860        0x4 board/amlogic/sm1_ac214_v1/built-in.o
 .text.spifc_pinctrl_enable
                0x0000000001009864       0x54 board/amlogic/sm1_ac214_v1/built-in.o
 .text.board_mmc_register
                0x00000000010098b8       0xa0 board/amlogic/sm1_ac214_v1/built-in.o
 .text.sd_emmc_pwr_prepare
                0x0000000001009958        0x4 board/amlogic/sm1_ac214_v1/built-in.o
 .text.sd_emmc_init
                0x000000000100995c       0x7c board/amlogic/sm1_ac214_v1/built-in.o
 .text.gpio_set_vbus_power
                0x00000000010099d8       0x60 board/amlogic/sm1_ac214_v1/built-in.o
 .text.serial_set_pin_port
                0x0000000001009a38        0x8 board/amlogic/sm1_ac214_v1/built-in.o
                0x0000000001009a38                serial_set_pin_port
 .text.dram_init
                0x0000000001009a40       0x10 board/amlogic/sm1_ac214_v1/built-in.o
                0x0000000001009a40                dram_init
 .text.secondary_boot_func
                0x0000000001009a50        0x4 board/amlogic/sm1_ac214_v1/built-in.o
                0x0000000001009a50                secondary_boot_func
 .text.board_eth_init
                0x0000000001009a54      0x1b4 board/amlogic/sm1_ac214_v1/built-in.o
                0x0000000001009a54                board_eth_init
 .text.board_mmc_init
                0x0000000001009c08       0x24 board/amlogic/sm1_ac214_v1/built-in.o
                0x0000000001009c08                board_mmc_init
 .text.get_aml_mtd_partition
                0x0000000001009c2c        0xc board/amlogic/sm1_ac214_v1/built-in.o
                0x0000000001009c2c                get_aml_mtd_partition
 .text.get_aml_partition_count
                0x0000000001009c38        0x8 board/amlogic/sm1_ac214_v1/built-in.o
                0x0000000001009c38                get_aml_partition_count
 .text.board_init
                0x0000000001009c40       0x7c board/amlogic/sm1_ac214_v1/built-in.o
                0x0000000001009c40                board_init
 .text.aml_config_dtb
                0x0000000001009cbc      0x26c board/amlogic/sm1_ac214_v1/built-in.o
                0x0000000001009cbc                aml_config_dtb
 .text.board_late_init
                0x0000000001009f28      0x138 board/amlogic/sm1_ac214_v1/built-in.o
                0x0000000001009f28                board_late_init
 .text.get_effective_memsize
                0x000000000100a060       0x20 board/amlogic/sm1_ac214_v1/built-in.o
                0x000000000100a060                get_effective_memsize
 .text.checkhw  0x000000000100a080      0x18c board/amlogic/sm1_ac214_v1/built-in.o
                0x000000000100a080                checkhw
 .text.show_boot_progress
                0x000000000100a20c        0x4 common/built-in.o
                0x000000000100a20c                show_boot_progress
 .text.main_loop
                0x000000000100a210       0x40 common/built-in.o
                0x000000000100a210                main_loop
 .text.dummy    0x000000000100a250        0x4 common/built-in.o
 .text.get_version
                0x000000000100a254        0x8 common/built-in.o
                0x000000000100a254                get_version
 .text.jumptable_init
                0x000000000100a25c      0x1c8 common/built-in.o
                0x000000000100a25c                jumptable_init
 .text.hash_finish_crc32
                0x000000000100a424       0x38 common/built-in.o
 .text.hash_update_crc32
                0x000000000100a45c       0x34 common/built-in.o
 .text.hash_init_crc32
                0x000000000100a490       0x2c common/built-in.o
 .text.hash_finish_sha256
                0x000000000100a4bc       0x48 common/built-in.o
 .text.hash_update_sha256
                0x000000000100a504       0x24 common/built-in.o
 .text.hash_init_sha256
                0x000000000100a528       0x38 common/built-in.o
 .text.hash_lookup_algo
                0x000000000100a560       0x70 common/built-in.o
                0x000000000100a560                hash_lookup_algo
 .text.hash_show
                0x000000000100a5d0       0x74 common/built-in.o
                0x000000000100a5d0                hash_show
 .text.hash_command
                0x000000000100a644      0x1a8 common/built-in.o
                0x000000000100a644                hash_command
 .text.b_reset  0x000000000100a7ec       0x18 common/built-in.o
 .text.static_get
                0x000000000100a804       0x1c common/built-in.o
 .text.static_peek
                0x000000000100a820        0xc common/built-in.o
 .text.file_peek
                0x000000000100a82c        0xc common/built-in.o
 .text.mapset   0x000000000100a838       0x20 common/built-in.o
 .text.syntax_err
                0x000000000100a858        0xc common/built-in.o
 .text.free_pipe_list
                0x000000000100a864       0xf8 common/built-in.o
 .text.xmalloc  0x000000000100a95c       0x28 common/built-in.o
 .text.new_pipe
                0x000000000100a984       0x2c common/built-in.o
 .text.xrealloc
                0x000000000100a9b0       0x28 common/built-in.o
 .text.done_command
                0x000000000100a9d8       0x94 common/built-in.o
 .text.done_pipe
                0x000000000100aa6c       0x58 common/built-in.o
 .text.done_word
                0x000000000100aac4      0x2ac common/built-in.o
 .text.do_showvar
                0x000000000100ad70      0x130 common/built-in.o
 .text.is_assignment
                0x000000000100aea0       0x54 common/built-in.o
 .text.file_get
                0x000000000100aef4      0x218 common/built-in.o
 .text.b_addchr
                0x000000000100b10c       0x90 common/built-in.o
 .text.b_addqchr
                0x000000000100b19c       0x58 common/built-in.o
 .text.get_local_var
                0x000000000100b1f4       0xa0 common/built-in.o
                0x000000000100b1f4                get_local_var
 .text.set_local_var
                0x000000000100b294      0x1bc common/built-in.o
                0x000000000100b294                set_local_var
 .text.insert_var_value_sub
                0x000000000100b450      0x2b0 common/built-in.o
 .text.parse_string_outer
                0x000000000100b700      0x104 common/built-in.o
                0x000000000100b700                parse_string_outer
 .text.run_list_real
                0x000000000100b804      0x7b0 common/built-in.o
 .text.parse_stream_outer
                0x000000000100bfb4      0x6f0 common/built-in.o
 .text.parse_file_outer
                0x000000000100c6a4       0x44 common/built-in.o
                0x000000000100c6a4                parse_file_outer
 .text.u_boot_hush_start
                0x000000000100c6e8       0x60 common/built-in.o
                0x000000000100c6e8                u_boot_hush_start
 .text.bootdelay_process
                0x000000000100c748       0x84 common/built-in.o
                0x000000000100c748                bootdelay_process
 .text.autoboot_command
                0x000000000100c7cc      0x160 common/built-in.o
                0x000000000100c7cc                autoboot_command
 .text.print_cpuinfo
                0x000000000100c92c        0x8 common/built-in.o
 .text.display_text_info
                0x000000000100c934        0x8 common/built-in.o
 .text.setup_mon_len
                0x000000000100c93c       0x20 common/built-in.o
 .text.arch_cpu_init
                0x000000000100c95c        0x8 common/built-in.o
                0x000000000100c95c                arch_cpu_init
 .text.setup_fdt
                0x000000000100c964        0x8 common/built-in.o
 .text.reserve_round_4k
                0x000000000100c96c       0x14 common/built-in.o
 .text.reserve_mmu
                0x000000000100c980       0x34 common/built-in.o
 .text.reserve_trace
                0x000000000100c9b4        0x8 common/built-in.o
 .text.reserve_uboot
                0x000000000100c9bc       0x2c common/built-in.o
 .text.reserve_malloc
                0x000000000100c9e8       0x1c common/built-in.o
 .text.setup_machine
                0x000000000100ca04        0x8 common/built-in.o
 .text.reserve_global_data
                0x000000000100ca0c       0x1c common/built-in.o
 .text.reserve_fdt
                0x000000000100ca28       0x48 common/built-in.o
 .text.reserve_stacks
                0x000000000100ca70       0x28 common/built-in.o
 .text.display_new_sp
                0x000000000100ca98        0x8 common/built-in.o
 .text.initf_malloc
                0x000000000100caa0        0x8 common/built-in.o
 .text.initf_dm
                0x000000000100caa8        0x8 common/built-in.o
 .text.reloc_fdt
                0x000000000100cab0       0x34 common/built-in.o
 .text.setup_reloc
                0x000000000100cae4       0x44 common/built-in.o
 .text.announce_dram_init
                0x000000000100cb28       0x20 common/built-in.o
 .text.init_baud_rate
                0x000000000100cb48       0x3c common/built-in.o
 .text.mark_bootstage
                0x000000000100cb84       0x1c common/built-in.o
 .text.reserve_board
                0x000000000100cba0       0x3c common/built-in.o
 .text.board_add_ram_info
                0x000000000100cbdc        0x4 common/built-in.o
                0x000000000100cbdc                board_add_ram_info
 .text.show_dram_config
                0x000000000100cbe0       0x6c common/built-in.o
 .text.dram_init_banksize
                0x000000000100cc4c       0x2c common/built-in.o
                0x000000000100cc4c                dram_init_banksize
 .text.setup_dram_config
                0x000000000100cc78       0x18 common/built-in.o
 .text.board_get_usable_ram_top
                0x000000000100cc90        0x8 common/built-in.o
                0x000000000100cc90                board_get_usable_ram_top
 .text.setup_dest_addr
                0x000000000100cc98       0x7c common/built-in.o
 .text.board_init_f
                0x000000000100cd14       0x4c common/built-in.o
                0x000000000100cd14                board_init_f
 .text.bootstage_relocate
                0x000000000100cd60        0x8 common/built-in.o
 .text.initr_trace
                0x000000000100cd68        0x8 common/built-in.o
 .text.initr_reloc_global_data
                0x000000000100cd70       0x28 common/built-in.o
 .text.initr_barrier
                0x000000000100cd98        0x8 common/built-in.o
 .text.power_init_board
                0x000000000100cda0        0x8 common/built-in.o
                0x000000000100cda0                power_init_board
 .text.initr_announce
                0x000000000100cda8        0x8 common/built-in.o
 .text.run_main_loop
                0x000000000100cdb0       0x10 common/built-in.o
 .text.initr_net
                0x000000000100cdc0       0x28 common/built-in.o
 .text.initr_ethaddr
                0x000000000100cde8       0x28 common/built-in.o
 .text.initr_enable_interrupts
                0x000000000100ce10       0x18 common/built-in.o
 .text.initr_jumptable
                0x000000000100ce28       0x18 common/built-in.o
 .text.initr_env
                0x000000000100ce40       0x3c common/built-in.o
 .text.initr_mmc
                0x000000000100ce7c       0x28 common/built-in.o
 .text.initr_nand
                0x000000000100cea4       0x24 common/built-in.o
 .text.initr_serial
                0x000000000100cec8       0x18 common/built-in.o
 .text.initr_dm
                0x000000000100cee0       0x14 common/built-in.o
 .text.initr_malloc
                0x000000000100cef4       0x2c common/built-in.o
 .text.initr_caches
                0x000000000100cf20       0x18 common/built-in.o
 .text.initr_reloc
                0x000000000100cf38       0x2c common/built-in.o
 .text.cpu_secondary_init_r
                0x000000000100cf64        0x4 common/built-in.o
                0x000000000100cf64                cpu_secondary_init_r
 .text.initr_secondary_cpu
                0x000000000100cf68       0x18 common/built-in.o
 .text.board_init_r
                0x000000000100cf80       0x18 common/built-in.o
                0x000000000100cf80                board_init_r
 .text.do_go_exec
                0x000000000100cf98       0x20 common/built-in.o
                0x000000000100cf98                do_go_exec
 .text.do_go    0x000000000100cfb8       0x88 common/built-in.o
 .text.do_bootm
                0x000000000100d040      0x420 common/built-in.o
                0x000000000100d040                do_bootm
 .text.do_booti
                0x000000000100d460      0x168 common/built-in.o
                0x000000000100d460                do_booti
 .text.bootm_maybe_autostart
                0x000000000100d5c8       0x84 common/built-in.o
                0x000000000100d5c8                bootm_maybe_autostart
 .text.bootm_find_ramdisk_fdt
                0x000000000100d64c      0x514 common/built-in.o
                0x000000000100d64c                bootm_find_ramdisk_fdt
 .text.bootm_disable_interrupts
                0x000000000100db60       0x28 common/built-in.o
                0x000000000100db60                bootm_disable_interrupts
 .text.do_bootm_states
                0x000000000100db88      0xb98 common/built-in.o
                0x000000000100db88                do_bootm_states
 .text.copy_args
                0x000000000100e720       0x74 common/built-in.o
 .text.do_bootm_rtems
                0x000000000100e794       0x58 common/built-in.o
 .text.do_bootm_plan9
                0x000000000100e7ec       0xc4 common/built-in.o
 .text.do_bootm_standalone
                0x000000000100e8b0       0x94 common/built-in.o
 .text.do_bootm_netbsd
                0x000000000100e944      0x124 common/built-in.o
 .text.do_bootvx_fdt
                0x000000000100ea68      0x114 common/built-in.o
                0x000000000100ea68                do_bootvx_fdt
 .text.do_bootm_vxworks
                0x000000000100eb7c       0x3c common/built-in.o
 .text.arch_preboot_os
                0x000000000100ebb8        0x4 common/built-in.o
                0x000000000100ebb8                arch_preboot_os
 .text.boot_selected_os
                0x000000000100ebbc       0x74 common/built-in.o
                0x000000000100ebbc                boot_selected_os
 .text.bootm_os_get_boot_func
                0x000000000100ec30       0x10 common/built-in.o
                0x000000000100ec30                bootm_os_get_boot_func
 .text.do_help  0x000000000100ec40       0x40 common/built-in.o
 .text.do_bootloadr_version
                0x000000000100ec80       0x44 common/built-in.o
 *fill*         0x000000000100ecc4        0x4 
 .text.do_version
                0x000000000100ecc8       0x48 common/built-in.o
 .text.get_partition_count
                0x000000000100ed10       0x10 common/built-in.o
                0x000000000100ed10                get_partition_count
 .text.get_partitions
                0x000000000100ed20       0x10 common/built-in.o
                0x000000000100ed20                get_partitions
 .text.free_partitions
                0x000000000100ed30       0x38 common/built-in.o
                0x000000000100ed30                free_partitions
 .text.get_partition_from_dts
                0x000000000100ed68      0x3e4 common/built-in.o
                0x000000000100ed68                get_partition_from_dts
 .text.env_attr_walk
                0x000000000100f14c      0x12c common/built-in.o
                0x000000000100f14c                env_attr_walk
 .text.env_attr_lookup
                0x000000000100f278      0x1ac common/built-in.o
                0x000000000100f278                env_attr_lookup
 .text.clear_callback
                0x000000000100f424        0xc common/built-in.o
 .text.find_env_callback
                0x000000000100f430       0x74 common/built-in.o
 .text.on_callbacks
                0x000000000100f4a4       0x58 common/built-in.o
 .text.set_callback
                0x000000000100f4fc       0x90 common/built-in.o
 .text.env_callback_init
                0x000000000100f58c       0xc8 common/built-in.o
                0x000000000100f58c                env_callback_init
 .text.skip_num
                0x000000000100f654       0x70 common/built-in.o
 .text.clear_flags
                0x000000000100f6c4        0xc common/built-in.o
 .text.on_flags
                0x000000000100f6d0       0x58 common/built-in.o
 .text.env_flags_parse_vartype
                0x000000000100f728       0x64 common/built-in.o
                0x000000000100f728                env_flags_parse_vartype
 .text.env_flags_parse_varaccess
                0x000000000100f78c       0x70 common/built-in.o
                0x000000000100f78c                env_flags_parse_varaccess
 .text.set_flags
                0x000000000100f7fc       0xac common/built-in.o
 .text.env_flags_init
                0x000000000100f8a8       0xd8 common/built-in.o
                0x000000000100f8a8                env_flags_init
 .text.env_flags_validate
                0x000000000100f980      0x31c common/built-in.o
                0x000000000100f980                env_flags_validate
 .text.init_mmc_for_env
                0x000000000100fc9c       0x38 common/built-in.o
 .text.mmc_get_env_addr
                0x000000000100fcd4       0x74 common/built-in.o
                0x000000000100fcd4                mmc_get_env_addr
 .text.mmc_saveenv
                0x000000000100fd48      0x110 common/built-in.o
                0x000000000100fd48                mmc_saveenv
 .text.mmc_env_relocate_spec
                0x000000000100fe58       0xd0 common/built-in.o
                0x000000000100fe58                mmc_env_relocate_spec
 .text.env_init
                0x000000000100ff28       0x1c common/built-in.o
                0x000000000100ff28                env_init
 .text.saveenv  0x000000000100ff44       0x54 common/built-in.o
                0x000000000100ff44                saveenv
 .text.env_relocate_spec
                0x000000000100ff98       0x38 common/built-in.o
                0x000000000100ff98                env_relocate_spec
 .text.amlnand_saveenv
                0x000000000100ffd0       0x48 common/built-in.o
                0x000000000100ffd0                amlnand_saveenv
 .text.amlnand_env_relocate_spec
                0x0000000001010018       0x74 common/built-in.o
                0x0000000001010018                amlnand_env_relocate_spec
 .text.autoscript
                0x000000000101008c      0x20c common/built-in.o
                0x000000000101008c                autoscript
 .text.do_autoscript
                0x0000000001010298       0x78 common/built-in.o
                0x0000000001010298                do_autoscript
 .text.do_bmp   0x0000000001010310       0x68 common/built-in.o
 .text.do_bmp_scale
                0x0000000001010378       0x34 common/built-in.o
 .text.do_bmp_info
                0x00000000010103ac      0x108 common/built-in.o
 .text.bmp_display
                0x00000000010104b4       0x40 common/built-in.o
                0x00000000010104b4                bmp_display
 .text.do_bmp_display
                0x00000000010104f4       0xe0 common/built-in.o
 .text.parse_argv
                0x00000000010105d4       0x64 common/built-in.o
 .text.do_icache
                0x0000000001010638       0x8c common/built-in.o
 .text.do_dcache
                0x00000000010106c4       0x8c common/built-in.o
 .text.do_saradc
                0x0000000001010750       0x78 common/built-in.o
 .text.do_saradc_12bit
                0x00000000010107c8       0x78 common/built-in.o
 .text.do_saradc_get_in_range
                0x0000000001010840       0xd4 common/built-in.o
 .text.do_saradc_test
                0x0000000001010914       0x18 common/built-in.o
 .text.do_saradc_getval
                0x000000000101092c       0x68 common/built-in.o
 .text.do_saradc_close
                0x0000000001010994       0x34 common/built-in.o
 .text.do_saradc_open
                0x00000000010109c8       0x60 common/built-in.o
 .text.do_saradc_get_in_range_12bit
                0x0000000001010a28       0xd4 common/built-in.o
 .text.do_saradc_getval_12bit
                0x0000000001010afc       0x68 common/built-in.o
 .text.do_forceupdate
                0x0000000001010b64       0x68 common/built-in.o
 .text.do_echo  0x0000000001010bcc       0xe4 common/built-in.o
 .text.do_exit  0x0000000001010cb0       0x38 common/built-in.o
 .text.do_ext4_size
                0x0000000001010ce8        0x8 common/built-in.o
                0x0000000001010ce8                do_ext4_size
 .text.do_ext4_load
                0x0000000001010cf0        0x8 common/built-in.o
                0x0000000001010cf0                do_ext4_load
 .text.do_ext4_ls
                0x0000000001010cf8        0x8 common/built-in.o
                0x0000000001010cf8                do_ext4_ls
 .text.do_fat_size
                0x0000000001010d00        0x8 common/built-in.o
                0x0000000001010d00                do_fat_size
 .text.do_fat_fsload
                0x0000000001010d08        0x8 common/built-in.o
                0x0000000001010d08                do_fat_fsload
 .text.do_fat_ls
                0x0000000001010d10        0x8 common/built-in.o
 .text.do_fat_fsinfo
                0x0000000001010d18       0x9c common/built-in.o
 .text.fdt_valid
                0x0000000001010db4       0xcc common/built-in.o
 .text.is_printable_string
                0x0000000001010e80       0x8c common/built-in.o
 .text.print_data
                0x0000000001010f0c      0x1d0 common/built-in.o
 .text.set_working_fdt_addr
                0x00000000010110dc       0x1c common/built-in.o
                0x00000000010110dc                set_working_fdt_addr
 .text.do_fdt   0x00000000010110f8      0xf94 common/built-in.o
 .text.fdt_find_and_setprop
                0x000000000101208c       0xac common/built-in.o
                0x000000000101208c                fdt_find_and_setprop
 .text.fdt_find_or_add_subnode
                0x0000000001012138       0x7c common/built-in.o
                0x0000000001012138                fdt_find_or_add_subnode
 .text.fdt_initrd
                0x00000000010121b4      0x1d0 common/built-in.o
                0x00000000010121b4                fdt_initrd
 .text.fdt_chosen
                0x0000000001012384       0xbc common/built-in.o
                0x0000000001012384                fdt_chosen
 .text.do_fixup_by_path
                0x0000000001012440       0x4c common/built-in.o
                0x0000000001012440                do_fixup_by_path
 .text.fdt_fixup_memory_banks
                0x000000000101248c      0x228 common/built-in.o
                0x000000000101248c                fdt_fixup_memory_banks
 .text.fdt_fixup_memory
                0x00000000010126b4       0x2c common/built-in.o
                0x00000000010126b4                fdt_fixup_memory
 .text.fdt_fixup_ethernet
                0x00000000010126e0      0x1a8 common/built-in.o
                0x00000000010126e0                fdt_fixup_ethernet
 .text.fdt_shrink_to_minimum
                0x0000000001012888       0xc4 common/built-in.o
                0x0000000001012888                fdt_shrink_to_minimum
 .text.android_dt_check_header
                0x000000000101294c       0x1c common/built-in.o
                0x000000000101294c                android_dt_check_header
 .text.android_dt_get_totalsize
                0x0000000001012968        0xc common/built-in.o
                0x0000000001012968                android_dt_get_totalsize
 .text.android_dt_get_fdt_by_index
                0x0000000001012974       0x80 common/built-in.o
                0x0000000001012974                android_dt_get_fdt_by_index
 .text.android_dt_print_contents
                0x00000000010129f4      0x254 common/built-in.o
                0x00000000010129f4                android_dt_print_contents
 .text.get_multi_dt_entry
                0x0000000001012c48      0x4b0 common/built-in.o
                0x0000000001012c48                get_multi_dt_entry
 .text.check_valid_dts
                0x00000000010130f8      0x114 common/built-in.o
                0x00000000010130f8                check_valid_dts
 .text.gpio_get_description
                0x000000000101320c       0xcc common/built-in.o
 .text.do_gpio  0x00000000010132d8      0x2e0 common/built-in.o
 .text.do_i2c   0x00000000010135b8       0x70 common/built-in.o
 .text.do_i2c_reset
                0x0000000001013628       0x24 common/built-in.o
 .text.do_i2c_probe
                0x000000000101364c       0xb0 common/built-in.o
 .text.get_alen.constprop.4
                0x00000000010136fc       0x38 common/built-in.o
 .text.do_i2c_read
                0x0000000001013734       0xd8 common/built-in.o
 .text.do_i2c_write
                0x000000000101380c      0x110 common/built-in.o
 .text.do_i2c_loop
                0x000000000101391c      0x104 common/built-in.o
 .text.do_i2c_mw
                0x0000000001013a20      0x11c common/built-in.o
 .text.mod_i2c_mem.isra.2
                0x0000000001013b3c      0x254 common/built-in.o
 .text.do_i2c_nm
                0x0000000001013d90        0x8 common/built-in.o
 .text.do_i2c_mm
                0x0000000001013d98        0x8 common/built-in.o
 .text.do_i2c_md
                0x0000000001013da0      0x224 common/built-in.o
 .text.do_i2c_crc
                0x0000000001013fc4      0x140 common/built-in.o
 .text.do_i2c_bus_speed
                0x0000000001014104       0x84 common/built-in.o
 .text.evalexp  0x0000000001014188       0x90 common/built-in.o
 .text.evalstr  0x0000000001014218       0x68 common/built-in.o
 .text.binary_test
                0x0000000001014280      0x19c common/built-in.o
 .text.do_itest
                0x000000000101441c       0xa0 common/built-in.o
 .text.do_RunBcbCommand
                0x00000000010144bc      0x50c common/built-in.o
 .text.GetPrimaryMetadataOffset
                0x00000000010149c8       0x50 common/built-in.o
                0x00000000010149c8                GetPrimaryMetadataOffset
 .text.ParseGeometry
                0x0000000001014a18       0xfc common/built-in.o
                0x0000000001014a18                ParseGeometry
 .text.ReadPrimaryGeometry
                0x0000000001014b14       0x40 common/built-in.o
                0x0000000001014b14                ReadPrimaryGeometry
 .text.ReadBackupGeometry
                0x0000000001014b54       0x40 common/built-in.o
                0x0000000001014b54                ReadBackupGeometry
 .text.ReadLogicalPartitionGeometry
                0x0000000001014b94       0x3c common/built-in.o
                0x0000000001014b94                ReadLogicalPartitionGeometry
 .text.ReadMetadataHeader
                0x0000000001014bd0      0x444 common/built-in.o
                0x0000000001014bd0                ReadMetadataHeader
 .text.do_ReadMetadata
                0x0000000001015014      0x118 common/built-in.o
                0x0000000001015014                do_ReadMetadata
 .text.is_partition_logical
                0x000000000101512c       0xac common/built-in.o
                0x000000000101512c                is_partition_logical
 .text.do_GetSystemMode
                0x00000000010151d8       0x74 common/built-in.o
                0x00000000010151d8                do_GetSystemMode
 .text.do_GetAvbMode
                0x000000000101524c       0x78 common/built-in.o
                0x000000000101524c                do_GetAvbMode
 .text.boot_info_validate
                0x00000000010152c4       0x68 common/built-in.o
                0x00000000010152c4                boot_info_validate
 .text.boot_info_reset
                0x000000000101532c       0x6c common/built-in.o
                0x000000000101532c                boot_info_reset
 .text.dump_boot_info
                0x0000000001015398       0xb8 common/built-in.o
                0x0000000001015398                dump_boot_info
 .text.boot_info_set_active_slot
                0x0000000001015450       0x50 common/built-in.o
                0x0000000001015450                boot_info_set_active_slot
 .text.boot_info_open_partition
                0x00000000010154a0       0x68 common/built-in.o
                0x00000000010154a0                boot_info_open_partition
 .text.boot_info_load
                0x0000000001015508       0x34 common/built-in.o
                0x0000000001015508                boot_info_load
 .text.boot_info_save
                0x000000000101553c       0x74 common/built-in.o
                0x000000000101553c                boot_info_save
 .text.do_GetValidSlot
                0x00000000010155b0      0x1d0 common/built-in.o
 .text.do_SetActiveSlot
                0x0000000001015780      0x1ac common/built-in.o
 .text.bin_data_init
                0x000000000101592c       0x28 common/built-in.o
 .text.k_data_save
                0x0000000001015954       0x4c common/built-in.o
 .text.k_data_restore
                0x00000000010159a0       0x4c common/built-in.o
 .text.load_serial_ymodem
                0x00000000010159ec       0xe8 common/built-in.o
 .text.getcxmodem
                0x0000000001015ad4       0x24 common/built-in.o
 .text.bin_data_char
                0x0000000001015af8       0x30 common/built-in.o
 .text.chk1.constprop.1
                0x0000000001015b28       0x2c common/built-in.o
 .text.s1_sendpacket.constprop.2
                0x0000000001015b54       0x60 common/built-in.o
 .text.do_load_serial_bin
                0x0000000001015bb4      0x818 common/built-in.o
 .text.do_mem_loop
                0x00000000010163cc      0x144 common/built-in.o
 .text.do_mem_md
                0x0000000001016510      0x11c common/built-in.o
 .text.do_mem_cmp
                0x000000000101662c      0x1b4 common/built-in.o
 .text.do_mem_base
                0x00000000010167e0       0x54 common/built-in.o
 .text.do_mem_mw
                0x0000000001016834      0x108 common/built-in.o
 .text.do_mem_cp
                0x000000000101693c      0x118 common/built-in.o
 .text.do_mem_crc
                0x0000000001016a54       0x40 common/built-in.o
 .text.mod_mem.isra.2
                0x0000000001016a94      0x1fc common/built-in.o
 .text.do_mem_mm
                0x0000000001016c90        0x8 common/built-in.o
 .text.do_mem_nm
                0x0000000001016c98        0x8 common/built-in.o
 .text.do_mem_mw_mask
                0x0000000001016ca0       0x98 common/built-in.o
                0x0000000001016ca0                do_mem_mw_mask
 .text.miiphy_get_dev_by_name
                0x0000000001016d38       0x74 common/built-in.o
                0x0000000001016d38                miiphy_get_dev_by_name
 .text.miiphy_init
                0x0000000001016dac       0x20 common/built-in.o
                0x0000000001016dac                miiphy_init
 .text.mdio_alloc
                0x0000000001016dcc       0x40 common/built-in.o
                0x0000000001016dcc                mdio_alloc
 .text.mdio_register
                0x0000000001016e0c       0x90 common/built-in.o
                0x0000000001016e0c                mdio_register
 .text.do_sleep
                0x0000000001016e9c       0x84 common/built-in.o
 .text.do_mmcops
                0x0000000001016f20       0xd0 common/built-in.o
 .text.init_mmc_device
                0x0000000001016ff0       0x64 common/built-in.o
 .text.do_mmc_lifetime
                0x0000000001017054       0x54 common/built-in.o
 .text.do_mmc_rescan
                0x00000000010170a8       0x2c common/built-in.o
 .text.do_mmcinfo
                0x00000000010170d4      0x1b0 common/built-in.o
 .text.do_mmc_hwpartition
                0x0000000001017284      0x550 common/built-in.o
 .text.do_mmc_ffu
                0x00000000010177d4       0xb0 common/built-in.o
 .text.do_mmc_ext_csd
                0x0000000001017884       0xec common/built-in.o
 .text.do_mmc_list
                0x0000000001017970       0x1c common/built-in.o
 .text.do_mmc_dev
                0x000000000101798c      0x154 common/built-in.o
 .text.do_mmc_part
                0x0000000001017ae0       0x64 common/built-in.o
 .text.do_mmc_erase
                0x0000000001017b44      0x114 common/built-in.o
 .text.do_mmc_write
                0x0000000001017c58       0xe0 common/built-in.o
 .text.do_mmc_read
                0x0000000001017d38       0xc0 common/built-in.o
 .text.do_mmc_test
                0x0000000001017df8      0x448 common/built-in.o
 .text.do_mmc_setdsr
                0x0000000001018240       0xc0 common/built-in.o
 .text.del_gpt_info
                0x0000000001018300       0x50 common/built-in.o
 .text.extract_val
                0x0000000001018350       0xac common/built-in.o
 .text.calc_parts_list_len
                0x00000000010183fc       0x90 common/built-in.o
 .text.get_gpt_info
                0x000000000101848c      0x140 common/built-in.o
 .text.prettyprint_part_size
                0x00000000010185cc       0x58 common/built-in.o
 .text.print_gpt_info
                0x0000000001018624       0xe4 common/built-in.o
 .text.extract_env
                0x0000000001018708       0xf8 common/built-in.o
 .text.create_gpt_partitions_list.isra.3
                0x0000000001018800      0x154 common/built-in.o
 .text.set_gpt_info.isra.2
                0x0000000001018954      0x4c4 common/built-in.o
 .text.do_gpt   0x0000000001018e18      0x6ac common/built-in.o
 .text.send_write_prot_status_group
                0x00000000010194c4       0xe8 common/built-in.o
 .text.do_amlmmcops
                0x00000000010195ac       0x88 common/built-in.o
 .text.do_emmc_dtb_key
                0x0000000001019634       0x88 common/built-in.o
 .text.do_amlmmc_controller
                0x00000000010196bc      0x188 common/built-in.o
 .text.do_amlmmc_response
                0x0000000001019844       0xa4 common/built-in.o
 .text.do_amlmmc_rescan
                0x00000000010198e8       0x58 common/built-in.o
 .text.send_wp_prot_type
                0x0000000001019940       0x68 common/built-in.o
 .text.is_wp_set_failed
                0x00000000010199a8       0xd4 common/built-in.o
 .text.set_write_prot
                0x0000000001019a7c       0x50 common/built-in.o
 .text.get_driver_strength
                0x0000000001019acc       0xd4 common/built-in.o
 .text.amlmmc_get_ext_csd
                0x0000000001019ba0       0xe0 common/built-in.o
 .text.set_driver_strength
                0x0000000001019c80      0x110 common/built-in.o
 .text.do_amlmmc_driver_strength
                0x0000000001019d90       0xc8 common/built-in.o
 .text.set_us_wp_en
                0x0000000001019e58       0x48 common/built-in.o
 .text.set_wp_register
                0x0000000001019ea0      0x104 common/built-in.o
 .text.do_amlmmc_ext_csd
                0x0000000001019fa4      0x114 common/built-in.o
 .text.do_amlmmc_size
                0x000000000101a0b8       0xc8 common/built-in.o
 .text.do_amlmmc_env
                0x000000000101a180       0x24 common/built-in.o
 .text.do_amlmmc_switch
                0x000000000101a1a4      0x190 common/built-in.o
 .text.do_amlmmc_list
                0x000000000101a334       0x1c common/built-in.o
 .text.do_amlmmc_part
                0x000000000101a350       0x88 common/built-in.o
 .text.do_emmc_erase
                0x000000000101a3d8      0x15c common/built-in.o
                0x000000000101a3d8                do_emmc_erase
 .text.generic_ffs
                0x000000000101a534       0x60 common/built-in.o
 .text.send_add_wp_type
                0x000000000101a594      0x1f4 common/built-in.o
 .text._dtb_read.isra.2
                0x000000000101a788       0x68 common/built-in.o
 .text._dtb_write.isra.3
                0x000000000101a7f0       0x68 common/built-in.o
 .text.do_amlmmc_key
                0x000000000101a858       0x58 common/built-in.o
 .text._dtb_init
                0x000000000101a8b0       0x6c common/built-in.o
 .text.get_off_size.isra.8
                0x000000000101a91c       0x9c common/built-in.o
 .text.amlmmc_write_info_sector.isra.10
                0x000000000101a9b8      0x130 common/built-in.o
 .text.do_amlmmc_read
                0x000000000101aae8      0x3ac common/built-in.o
 .text._calc_dtb_checksum
                0x000000000101ae94       0x68 common/built-in.o
 .text.compute_write_protect_range
                0x000000000101aefc      0x1a4 common/built-in.o
 .text.set_part_clear_wp
                0x000000000101b0a0      0x14c common/built-in.o
 .text.send_part_wp_type
                0x000000000101b1ec      0x158 common/built-in.o
 .text.do_amlmmc_send_wp_type
                0x000000000101b344      0x12c common/built-in.o
 .text.send_part_wp_status
                0x000000000101b470       0xcc common/built-in.o
 .text.set_part_write_protect
                0x000000000101b53c      0x138 common/built-in.o
 .text.set_add_write_protect
                0x000000000101b674      0x1d4 common/built-in.o
 .text.do_amlmmc_write_protect
                0x000000000101b848      0x188 common/built-in.o
 .text.send_add_wp_status
                0x000000000101b9d0      0x168 common/built-in.o
 .text.do_amlmmc_send_wp_status
                0x000000000101bb38      0x12c common/built-in.o
 .text.set_add_clear_wp
                0x000000000101bc64      0x1f0 common/built-in.o
 .text.do_amlmmc_clear_wp
                0x000000000101be54      0x12c common/built-in.o
 .text.emmckey_is_protected
                0x000000000101bf80       0x50 common/built-in.o
                0x000000000101bf80                emmckey_is_protected
 .text.mmc_read_status
                0x000000000101bfd0      0x104 common/built-in.o
                0x000000000101bfd0                mmc_read_status
 .text.do_amlmmc_status
                0x000000000101c0d4       0x90 common/built-in.o
 .text.amlmmc_erase_bootloader
                0x000000000101c164      0x220 common/built-in.o
                0x000000000101c164                amlmmc_erase_bootloader
 .text.amlmmc_erase_whole.isra.23
                0x000000000101c384      0x140 common/built-in.o
 .text.do_amlmmc_erase
                0x000000000101c4c4      0x744 common/built-in.o
 .text.amlmmc_check_and_update_boot_info
                0x000000000101cc08      0x178 common/built-in.o
                0x000000000101cc08                amlmmc_check_and_update_boot_info
 .text.amlmmc_write_bootloader
                0x000000000101cd80      0x1fc common/built-in.o
                0x000000000101cd80                amlmmc_write_bootloader
 .text.do_amlmmc_write
                0x000000000101cf7c      0x46c common/built-in.o
 .text.update_old_dtb
                0x000000000101d3e8      0x1c0 common/built-in.o
                0x000000000101d3e8                update_old_dtb
 .text.dtb_read
                0x000000000101d5a8      0x49c common/built-in.o
                0x000000000101d5a8                dtb_read
 .text.do_emmc_dtb_read
                0x000000000101da44       0x34 common/built-in.o
                0x000000000101da44                do_emmc_dtb_read
 .text.dtb_write
                0x000000000101da78      0x1c0 common/built-in.o
                0x000000000101da78                dtb_write
 .text.renew_partition_tbl
                0x000000000101dc38       0xa8 common/built-in.o
                0x000000000101dc38                renew_partition_tbl
 .text.do_emmc_dtb_write
                0x000000000101dce0       0x50 common/built-in.o
                0x000000000101dce0                do_emmc_dtb_write
 .text.emmc_update_mbr
                0x000000000101dd30       0xa4 common/built-in.o
                0x000000000101dd30                emmc_update_mbr
 .text.fastboot_context_read
                0x000000000101ddd4      0x138 common/built-in.o
                0x000000000101ddd4                fastboot_context_read
 .text.do_emmc_fb_read
                0x000000000101df0c       0x64 common/built-in.o
                0x000000000101df0c                do_emmc_fb_read
 .text.fastboot_context_write
                0x000000000101df70      0x11c common/built-in.o
                0x000000000101df70                fastboot_context_write
 .text.do_emmc_fb_write
                0x000000000101e08c       0x64 common/built-in.o
                0x000000000101e08c                do_emmc_fb_write
 .text.do_store_exit
                0x000000000101e0f0       0x20 common/built-in.o
 .text.do_store_bootlog
                0x000000000101e110       0x44 common/built-in.o
 .text.do_store
                0x000000000101e154       0x70 common/built-in.o
 .text.do_store_mbr_ops
                0x000000000101e1c4       0xc8 common/built-in.o
 .text.do_store_key_ops
                0x000000000101e28c      0x184 common/built-in.o
 .text.do_store_scrub
                0x000000000101e410      0x16c common/built-in.o
 .text.do_store_dtb_ops
                0x000000000101e57c      0x3d4 common/built-in.o
 .text.get_off_size
                0x000000000101e950      0x1a8 common/built-in.o
 .text.do_store_rom_write
                0x000000000101eaf8      0x414 common/built-in.o
 .text.do_store_rom_read
                0x000000000101ef0c      0x558 common/built-in.o
 .text.do_store_size
                0x000000000101f464      0x17c common/built-in.o
 .text.do_store_init
                0x000000000101f5e0      0x2e0 common/built-in.o
 .text.do_store_erase
                0x000000000101f8c0      0x548 common/built-in.o
 .text.do_store_rom_protect
                0x000000000101fe08       0x54 common/built-in.o
 .text.do_store_disprotect
                0x000000000101fe5c       0xc4 common/built-in.o
 .text.mtd_find_phy_off_by_lgc_off
                0x000000000101ff20      0x1a0 common/built-in.o
 .text.do_store_write
                0x00000000010200c0      0x2d8 common/built-in.o
 .text.do_store_read
                0x0000000001020398      0x208 common/built-in.o
 .text.store_ddr_parameter_read
                0x00000000010205a0       0x8c common/built-in.o
                0x00000000010205a0                store_ddr_parameter_read
 .text.store_ddr_parameter_write
                0x000000000102062c       0xa4 common/built-in.o
                0x000000000102062c                store_ddr_parameter_write
 .text.store_ddr_parameter_erase
                0x00000000010206d0       0x8c common/built-in.o
                0x00000000010206d0                store_ddr_parameter_erase
 .text.do_store_ddr_parameter_ops
                0x000000000102075c      0x120 common/built-in.o
 .text.store_key_read
                0x000000000102087c       0x8c common/built-in.o
                0x000000000102087c                store_key_read
 .text.store_key_write
                0x0000000001020908       0x8c common/built-in.o
                0x0000000001020908                store_key_write
 .text.store_read_ops
                0x0000000001020994      0x230 common/built-in.o
                0x0000000001020994                store_read_ops
 .text.store_write_ops
                0x0000000001020bc4      0x200 common/built-in.o
                0x0000000001020bc4                store_write_ops
 .text.store_get_partititon_size
                0x0000000001020dc4      0x1c8 common/built-in.o
                0x0000000001020dc4                store_get_partititon_size
 .text.store_erase_ops
                0x0000000001020f8c       0xf0 common/built-in.o
                0x0000000001020f8c                store_erase_ops
 .text.store_boot_read
                0x000000000102107c       0x80 common/built-in.o
                0x000000000102107c                store_boot_read
 .text.store_boot_write
                0x00000000010210fc       0x80 common/built-in.o
                0x00000000010210fc                store_boot_write
 .text.store_init
                0x000000000102117c       0x58 common/built-in.o
                0x000000000102117c                store_init
 .text.store_exit
                0x00000000010211d4       0x70 common/built-in.o
                0x00000000010211d4                store_exit
 .text.store_dtb_rw
                0x0000000001021244       0x60 common/built-in.o
                0x0000000001021244                store_dtb_rw
 .text.do_image_read
                0x00000000010212a4       0x78 common/built-in.o
 .text.img_res_check_log_header
                0x000000000102131c       0x78 common/built-in.o
 .text.do_image_read_res
                0x0000000001021394      0x120 common/built-in.o
 .text.do_unpackimg
                0x00000000010214b4      0x1dc common/built-in.o
 .text.do_image_read_pic
                0x0000000001021690      0x504 common/built-in.o
 .text._aml_get_secure_boot_kernel_size
                0x0000000001021b94      0x1a0 common/built-in.o
 .text.do_image_read_dtb
                0x0000000001021d34      0x2f4 common/built-in.o
 .text.do_image_read_kernel
                0x0000000001022028      0x254 common/built-in.o
 .text.do_mtdparts
                0x000000000102227c       0x4c common/built-in.o
 .text.find_dev_and_part
                0x00000000010222c8      0x118 common/built-in.o
                0x00000000010222c8                find_dev_and_part
 .text.do_chpart
                0x00000000010223e0      0x29c common/built-in.o
 .text.set_dev  0x000000000102267c       0x94 common/built-in.o
 .text.nand_print_and_set_info
                0x0000000001022710       0xdc common/built-in.o
 .text.arg_off  0x00000000010227ec      0x110 common/built-in.o
 .text.arg_off_size
                0x00000000010228fc      0x128 common/built-in.o
 .text.nand_load_image
                0x0000000001022a24      0x210 common/built-in.o
 .text.do_nandboot
                0x0000000001022c34      0x278 common/built-in.o
 .text.do_nand  0x0000000001022eac      0xe50 common/built-in.o
 .text.netboot_common
                0x0000000001023cfc      0x288 common/built-in.o
 .text.do_bootp
                0x0000000001023f84        0xc common/built-in.o
 .text.do_rarpb
                0x0000000001023f90        0xc common/built-in.o
                0x0000000001023f90                do_rarpb
 .text.do_dhcp  0x0000000001023f9c        0xc common/built-in.o
 .text.do_tftpb
                0x0000000001023fa8       0x54 common/built-in.o
                0x0000000001023fa8                do_tftpb
 .text.do_ethloop
                0x0000000001023ffc       0x5c common/built-in.o
 .text.do_ping  0x0000000001024058       0x78 common/built-in.o
 .text.bytes_per_second
                0x00000000010240d0       0x4c common/built-in.o
 .text.do_spi_flash
                0x000000000102411c      0x78c common/built-in.o
 .text.do_spi   0x00000000010248a8      0x344 common/built-in.o
                0x00000000010248a8                do_spi
 .text.do_dtimg
                0x0000000001024bec       0x88 common/built-in.o
 .text.dtimg_get_fdt
                0x0000000001024c74      0x134 common/built-in.o
 .text.do_dtimg_size
                0x0000000001024da8       0x10 common/built-in.o
 .text.do_dtimg_start
                0x0000000001024db8       0x10 common/built-in.o
 .text.do_dtimg_dump
                0x0000000001024dc8       0x80 common/built-in.o
 .text.do_false
                0x0000000001024e48        0x8 common/built-in.o
 .text.do_true  0x0000000001024e50        0x8 common/built-in.o
 .text.do_test  0x0000000001024e58      0x328 common/built-in.o
 .text.display_ubi_info
                0x0000000001025180      0x140 common/built-in.o
 .text.ubi_find_volume
                0x00000000010252c0       0x80 common/built-in.o
 .text.ubi_volume_continue_write
                0x0000000001025340       0xb8 common/built-in.o
 .text.ubi_volume_begin_write
                0x00000000010253f8       0xc4 common/built-in.o
                0x00000000010253f8                ubi_volume_begin_write
 .text.ubi_volume_write
                0x00000000010254bc        0x8 common/built-in.o
                0x00000000010254bc                ubi_volume_write
 .text.ubi_volume_read
                0x00000000010254c4      0x1dc common/built-in.o
                0x00000000010254c4                ubi_volume_read
 .text.ubi_part
                0x00000000010256a0      0x220 common/built-in.o
                0x00000000010256a0                ubi_part
 .text.do_ubi   0x00000000010258c0      0x914 common/built-in.o
 .text.do_ubifs_mount
                0x00000000010261d4       0x68 common/built-in.o
 .text.do_ubifs_ls
                0x000000000102623c       0x78 common/built-in.o
 .text.do_ubifs_load
                0x00000000010262b4       0xdc common/built-in.o
 .text.ubifs_is_mounted
                0x0000000001026390       0x10 common/built-in.o
                0x0000000001026390                ubifs_is_mounted
 .text.cmd_ubifs_umount
                0x00000000010263a0       0x5c common/built-in.o
                0x00000000010263a0                cmd_ubifs_umount
 .text.do_ubifs_umount
                0x00000000010263fc       0x48 common/built-in.o
 .text.usb_get_class_desc
                0x0000000001026444       0xc0 common/built-in.o
 .text.usb_display_class_sub
                0x0000000001026504      0x18c common/built-in.o
 .text.usb_find_device
                0x0000000001026690       0x48 common/built-in.o
 .text.usb_show_tree_graph
                0x00000000010266d8      0x21c common/built-in.o
 .text.usb_display_string
                0x00000000010268f4       0x48 common/built-in.o
 .text.usb_display_config
                0x000000000102693c      0x25c common/built-in.o
 .text.do_usbboot
                0x0000000001026b98        0xc common/built-in.o
 .text.usb_display_desc.part.2
                0x0000000001026ba4      0x114 common/built-in.o
 .text.do_usb   0x0000000001026cb8      0x7a4 common/built-in.o
 .text.usb_set_maxpacket_ep
                0x000000000102745c       0x74 common/built-in.o
 .text._mdelay  0x00000000010274d0       0x30 common/built-in.o
                0x00000000010274d0                _mdelay
 .text.usb_stop
                0x0000000001027500       0x54 common/built-in.o
                0x0000000001027500                usb_stop
 .text.usb_disable_asynch
                0x0000000001027554       0x20 common/built-in.o
                0x0000000001027554                usb_disable_asynch
 .text.usb_control_msg
                0x0000000001027574       0xc4 common/built-in.o
                0x0000000001027574                usb_control_msg
 .text.usb_get_descriptor
                0x0000000001027638       0x5c common/built-in.o
 .text.usb_get_string
                0x0000000001027694       0xa8 common/built-in.o
 .text.usb_string_sub
                0x000000000102773c      0x110 common/built-in.o
 .text.usb_set_address
                0x000000000102784c       0x4c common/built-in.o
 .text.usb_bulk_msg
                0x0000000001027898       0x78 common/built-in.o
                0x0000000001027898                usb_bulk_msg
 .text.usb_maxpacket
                0x0000000001027910       0x20 common/built-in.o
                0x0000000001027910                usb_maxpacket
 .text.usb_clear_halt
                0x0000000001027930       0xa4 common/built-in.o
                0x0000000001027930                usb_clear_halt
 .text.usb_get_configuration_no
                0x00000000010279d4       0xd0 common/built-in.o
                0x00000000010279d4                usb_get_configuration_no
 .text.usb_set_interface
                0x0000000001027aa4       0xb4 common/built-in.o
                0x0000000001027aa4                usb_set_interface
 .text.usb_string
                0x0000000001027b58      0x114 common/built-in.o
                0x0000000001027b58                usb_string
 .text.usb_get_dev_index
                0x0000000001027c6c       0x28 common/built-in.o
                0x0000000001027c6c                usb_get_dev_index
 .text.usb_alloc_new_device
                0x0000000001027c94       0xa0 common/built-in.o
                0x0000000001027c94                usb_alloc_new_device
 .text.usb_free_device
                0x0000000001027d34       0x64 common/built-in.o
                0x0000000001027d34                usb_free_device
 .text.usb_new_device
                0x0000000001027d98      0x658 common/built-in.o
                0x0000000001027d98                usb_new_device
 .text.usb_init
                0x00000000010283f0      0x170 common/built-in.o
                0x00000000010283f0                usb_init
 .text.usb_set_port_feature
                0x0000000001028560       0x50 common/built-in.o
 .text.usb_hub_power_on
                0x00000000010285b0       0x5c common/built-in.o
 .text.usb_get_port_status
                0x000000000102860c       0x58 common/built-in.o
 .text.usb_clear_port_feature
                0x0000000001028664       0x50 common/built-in.o
 .text.usb_get_hub_descriptor
                0x00000000010286b4       0x58 common/built-in.o
 .text.usb_hub_reset_devices
                0x000000000102870c        0x4 common/built-in.o
                0x000000000102870c                usb_hub_reset_devices
 .text.usb_hub_reset
                0x0000000001028710       0x10 common/built-in.o
                0x0000000001028710                usb_hub_reset
 .text.hub_port_reset
                0x0000000001028720       0xa8 common/built-in.o
                0x0000000001028720                hub_port_reset
 .text.usb_hub_port_connect_change
                0x00000000010287c8      0x144 common/built-in.o
                0x00000000010287c8                usb_hub_port_connect_change
 .text.usb_hub_configure
                0x000000000102890c      0x2e4 common/built-in.o
 .text.usb_hub_probe
                0x0000000001028bf0       0x5c common/built-in.o
                0x0000000001028bf0                usb_hub_probe
 .text.usb_stor_irq
                0x0000000001028c4c       0x18 common/built-in.o
 .text.usb_stor_BBB_reset
                0x0000000001028c64       0xdc common/built-in.o
 .text.usb_stor_CB_reset
                0x0000000001028d40       0xdc common/built-in.o
 .text.usb_stor_BBB_clear_endpt_stall.isra.2
                0x0000000001028e1c       0x50 common/built-in.o
 .text.usb_stor_BBB_transport
                0x0000000001028e6c      0x24c common/built-in.o
 .text.usb_stor_CB_comdat
                0x00000000010290b8      0x1f8 common/built-in.o
 .text.usb_stor_CBI_get_status.isra.4
                0x00000000010292b0       0xe0 common/built-in.o
 .text.usb_stor_CB_transport
                0x0000000001029390      0x200 common/built-in.o
 .text.usb_request_sense.constprop.9
                0x0000000001029590       0x8c common/built-in.o
 .text.usb_stor_write
                0x000000000102961c      0x1cc common/built-in.o
                0x000000000102961c                usb_stor_write
 .text.usb_stor_read
                0x00000000010297e8      0x1cc common/built-in.o
                0x00000000010297e8                usb_stor_read
 .text.usb_stor_get_dev
                0x00000000010299b4       0x34 common/built-in.o
                0x00000000010299b4                usb_stor_get_dev
 .text.usb_stor_info
                0x00000000010299e8       0x98 common/built-in.o
                0x00000000010299e8                usb_stor_info
 .text.usb_storage_probe
                0x0000000001029a80      0x22c common/built-in.o
                0x0000000001029a80                usb_storage_probe
 .text.usb_stor_get_info
                0x0000000001029cac      0x33c common/built-in.o
                0x0000000001029cac                usb_stor_get_info
 .text.usb_stor_scan
                0x0000000001029fe8      0x220 common/built-in.o
                0x0000000001029fe8                usb_stor_scan
 .text.do_fastboot
                0x000000000102a208       0x4c common/built-in.o
 .text.do_vpu   0x000000000102a254       0x78 common/built-in.o
 .text.do_vpu_info
                0x000000000102a2cc       0x18 common/built-in.o
 .text.do_vpu_test
                0x000000000102a2e4       0x18 common/built-in.o
 .text.do_vpu_clk
                0x000000000102a2fc       0x84 common/built-in.o
 .text.do_vpu_disable
                0x000000000102a380       0x18 common/built-in.o
 .text.do_vpu_enable
                0x000000000102a398       0x18 common/built-in.o
 .text.sha256_process_internal
                0x000000000102a3b0     0x28d0 common/built-in.o
 .text.ddr_write
                0x000000000102cc80       0xd4 common/built-in.o
 .text.ddr_write4
                0x000000000102cd54       0xd8 common/built-in.o
 .text.ddr_test_copy
                0x000000000102ce2c       0x44 common/built-in.o
 .text.ddr_write_pattern4_cross_talk_p
                0x000000000102ce70      0x168 common/built-in.o
 .text.ddr_write_pattern4_cross_talk_p2
                0x000000000102cfd8      0x1cc common/built-in.o
 .text.ddr_write_pattern4_cross_talk_n
                0x000000000102d1a4      0x168 common/built-in.o
 .text.ddr_write_pattern4_cross_talk_n2
                0x000000000102d30c      0x1cc common/built-in.o
 .text.ddr_write_pattern4_no_cross_talk
                0x000000000102d4d8      0x108 common/built-in.o
 .text.ddr_read
                0x000000000102d5e0      0x200 common/built-in.o
 .text.ddr_read4
                0x000000000102d7e0      0x18c common/built-in.o
 .text.ddr_read_pattern4_no_cross_talk
                0x000000000102d96c      0x210 common/built-in.o
 .text.ddr_read_pattern4_cross_talk_p
                0x000000000102db7c      0x42c common/built-in.o
 .text.ddr_read_pattern4_cross_talk_n
                0x000000000102dfa8      0x3ac common/built-in.o
 .text.ddr_read_pattern4_cross_talk_p2
                0x000000000102e354      0x374 common/built-in.o
 .text.ddr_read_pattern4_cross_talk_n2
                0x000000000102e6c8      0x374 common/built-in.o
 .text.sha256_update_internal.part.3
                0x000000000102ea3c       0xf4 common/built-in.o
 .text.ddr_do_store_ddr_parameter_ops.constprop.9
                0x000000000102eb30       0x40 common/built-in.o
 .text.ddr_get_chip_id
                0x000000000102eb70       0x78 common/built-in.o
                0x000000000102eb70                ddr_get_chip_id
 .text.sha256_starts_internal
                0x000000000102ebe8       0x6c common/built-in.o
                0x000000000102ebe8                sha256_starts_internal
 .text.sha256_update_internal
                0x000000000102ec54        0xc common/built-in.o
                0x000000000102ec54                sha256_update_internal
 .text.sha256_finish_internal
                0x000000000102ec60      0x1c0 common/built-in.o
                0x000000000102ec60                sha256_finish_internal
 .text.sha256_csum_wd_internal
                0x000000000102ee20       0x50 common/built-in.o
                0x000000000102ee20                sha256_csum_wd_internal
 .text.check_base_address
                0x000000000102ee70      0x11c common/built-in.o
                0x000000000102ee70                check_base_address
 .text.do_ddr_auto_test_window
                0x000000000102ef8c      0x254 common/built-in.o
                0x000000000102ef8c                do_ddr_auto_test_window
 .text.TOLOWER  0x000000000102f1e0       0x14 common/built-in.o
                0x000000000102f1e0                TOLOWER
 .text.isxdigit
                0x000000000102f1f4       0x28 common/built-in.o
                0x000000000102f1f4                isxdigit
 .text.simple_guess_base
                0x000000000102f21c       0x54 common/built-in.o
                0x000000000102f21c                simple_guess_base
 .text.simple_strtoull_ddr
                0x000000000102f270       0xdc common/built-in.o
                0x000000000102f270                simple_strtoull_ddr
 .text.do_ddr_test_copy
                0x000000000102f34c      0x3ac common/built-in.o
                0x000000000102f34c                do_ddr_test_copy
 .text.do_ddr_test
                0x000000000102f6f8      0xb58 common/built-in.o
                0x000000000102f6f8                do_ddr_test
 .text.do_ddr_special_test
                0x0000000001030250      0x3f4 common/built-in.o
                0x0000000001030250                do_ddr_special_test
 .text.env_to_a_num
                0x0000000001030644       0x84 common/built-in.o
                0x0000000001030644                env_to_a_num
 .text.dwc_ddrphy_apb_wr
                0x00000000010306c8       0x28 common/built-in.o
                0x00000000010306c8                dwc_ddrphy_apb_wr
 .text.dwc_ddrphy_apb_rd
                0x00000000010306f0       0x24 common/built-in.o
                0x00000000010306f0                dwc_ddrphy_apb_rd
 .text.ddr_udelay
                0x0000000001030714       0x28 common/built-in.o
                0x0000000001030714                ddr_udelay
 .text.ddr_test_watchdog_reset_system
                0x000000000103073c       0x6c common/built-in.o
                0x000000000103073c                ddr_test_watchdog_reset_system
 .text.do_ddr2pll_g12_cmd
                0x00000000010307a8      0x2c8 common/built-in.o
                0x00000000010307a8                do_ddr2pll_g12_cmd
 .text.do_ddr_auto_scan_drv
                0x0000000001030a70      0x77c common/built-in.o
                0x0000000001030a70                do_ddr_auto_scan_drv
 .text.do_ddr_uboot_new_cmd
                0x00000000010311ec      0x33c common/built-in.o
                0x00000000010311ec                do_ddr_uboot_new_cmd
 .text.pll_convert_to_ddr_clk_g12a
                0x0000000001031528       0x84 common/built-in.o
                0x0000000001031528                pll_convert_to_ddr_clk_g12a
 .text.get_ddr_clk
                0x00000000010315ac       0x68 common/built-in.o
                0x00000000010315ac                get_ddr_clk
 .text.ddr_memcpy
                0x0000000001031614       0x84 common/built-in.o
                0x0000000001031614                ddr_memcpy
 .text.cpu_ddr_test_init_pattern_generater
                0x0000000001031698       0x90 common/built-in.o
                0x0000000001031698                cpu_ddr_test_init_pattern_generater
 .text.cpu_ddr_test_init_pattern_area
                0x0000000001031728       0xa8 common/built-in.o
                0x0000000001031728                cpu_ddr_test_init_pattern_area
 .text.cpu_ddr_test
                0x00000000010317d0       0xdc common/built-in.o
                0x00000000010317d0                cpu_ddr_test
 .text.do_cpu_ddr_test
                0x00000000010318ac      0x248 common/built-in.o
                0x00000000010318ac                do_cpu_ddr_test
 .text.do_ddr_test_write_read
                0x0000000001031af4      0x3ec common/built-in.o
                0x0000000001031af4                do_ddr_test_write_read
 .text.find_vddee_voltage_index
                0x0000000001031ee0       0x38 common/built-in.o
                0x0000000001031ee0                find_vddee_voltage_index
 .text.read_ee_voltage
                0x0000000001031f18       0x28 common/built-in.o
                0x0000000001031f18                read_ee_voltage
 .text.get_bdlr_100step
                0x0000000001031f40       0x50 common/built-in.o
                0x0000000001031f40                get_bdlr_100step
 .text.do_ddr_test_pwm_bdlr
                0x0000000001031f90      0x290 common/built-in.o
                0x0000000001031f90                do_ddr_test_pwm_bdlr
 .text.printf_log
                0x0000000001032220       0xa0 common/built-in.o
                0x0000000001032220                printf_log
 .text.do_read_ddr_training_data
                0x00000000010322c0      0xe90 common/built-in.o
                0x00000000010322c0                do_read_ddr_training_data
 .text.do_ddr_fastboot_config
                0x0000000001033150      0x1c0 common/built-in.o
                0x0000000001033150                do_ddr_fastboot_config
 .text.do_ddr_display_g12_ddr_information
                0x0000000001033310     0x13a0 common/built-in.o
                0x0000000001033310                do_ddr_display_g12_ddr_information
 .text.do_ddr_test_cmd.part.5
                0x00000000010346b0      0x450 common/built-in.o
 .text.do_ddr_test_cmd
                0x0000000001034b00       0xcc common/built-in.o
                0x0000000001034b00                do_ddr_test_cmd
 .text.ddr_cacl_phy_delay_all_step
                0x0000000001034bcc       0x54 common/built-in.o
                0x0000000001034bcc                ddr_cacl_phy_delay_all_step
 .text.ddr_cacl_phy_over_ride_back_reg
                0x0000000001034c20       0x80 common/built-in.o
                0x0000000001034c20                ddr_cacl_phy_over_ride_back_reg
 .text.dwc_window_reg_after_training_update_increas_dq
                0x0000000001034ca0      0x148 common/built-in.o
                0x0000000001034ca0                dwc_window_reg_after_training_update_increas_dq
 .text.dwc_window_reg_after_training_update_increas_sub.part.7
                0x0000000001034de8      0x3f8 common/built-in.o
 .text.dwc_window_reg_after_training_update
                0x00000000010351e0      0x21c common/built-in.o
                0x00000000010351e0                dwc_window_reg_after_training_update
 .text.do_ddr_g12_override_data
                0x00000000010353fc      0x18c common/built-in.o
                0x00000000010353fc                do_ddr_g12_override_data
 .text.dwc_window_reg_after_training_update_increas_sub
                0x0000000001035588       0x10 common/built-in.o
                0x0000000001035588                dwc_window_reg_after_training_update_increas_sub
 .text.dwc_window_reg_after_training_update_increas
                0x0000000001035598      0x52c common/built-in.o
                0x0000000001035598                dwc_window_reg_after_training_update_increas
 .text.do_ddr_g12_offset_data
                0x0000000001035ac4      0x398 common/built-in.o
                0x0000000001035ac4                do_ddr_g12_offset_data
 .text.do_verify_flash_ddr_parameter
                0x0000000001035e5c      0x150 common/built-in.o
                0x0000000001035e5c                do_verify_flash_ddr_parameter
 .text.do_ddr_auto_fastboot_check
                0x0000000001035fac      0x5dc common/built-in.o
                0x0000000001035fac                do_ddr_auto_fastboot_check
 .text.do_query
                0x0000000001036588       0xc4 common/built-in.o
 .text.cmd_efuse
                0x000000000103664c      0x524 common/built-in.o
                0x000000000103664c                cmd_efuse
 .text.do_efuse
                0x0000000001036b70       0x5c common/built-in.o
                0x0000000001036b70                do_efuse
 .text.do_write_version
                0x0000000001036bcc       0x28 common/built-in.o
 .text.do_set_trim_base
                0x0000000001036bf4       0x40 common/built-in.o
 .text.get_adc_sample.isra.0
                0x0000000001036c34      0x38c common/built-in.o
 .text.quicksort
                0x0000000001036fc0       0xc8 common/built-in.o
                0x0000000001036fc0                quicksort
 .text.do_write_trim
                0x0000000001037088      0xa58 common/built-in.o
 .text.r1p1_codetotemp
                0x0000000001037ae0       0x5c common/built-in.o
                0x0000000001037ae0                r1p1_codetotemp
 .text.r1p1_temp_read
                0x0000000001037b3c      0x3dc common/built-in.o
                0x0000000001037b3c                r1p1_temp_read
 .text.r1p1_read_entry
                0x0000000001037f18      0x124 common/built-in.o
                0x0000000001037f18                r1p1_read_entry
 .text.do_read_temp
                0x000000000103803c       0x24 common/built-in.o
 .text.r1p1_temptocode
                0x0000000001038060       0xd4 common/built-in.o
                0x0000000001038060                r1p1_temptocode
 .text.r1p1_temp_trim
                0x0000000001038134      0x40c common/built-in.o
                0x0000000001038134                r1p1_temp_trim
 .text.r1p1_trim_entry
                0x0000000001038540      0x30c common/built-in.o
                0x0000000001038540                r1p1_trim_entry
 .text.do_temp_triming
                0x000000000103884c      0x140 common/built-in.o
 .text.r1p1_temp_cooling
                0x000000000103898c      0x108 common/built-in.o
                0x000000000103898c                r1p1_temp_cooling
 .text.do_boot_cooling
                0x0000000001038a94       0x18 common/built-in.o
 .text.do_clkmsr
                0x0000000001038aac       0x34 common/built-in.o
 .text.do_ringmsr
                0x0000000001038ae0       0x50 common/built-in.o
 .text.do_rpmb_state
                0x0000000001038b30       0xec common/built-in.o
 .text.do_env_delete
                0x0000000001038c1c       0xc4 common/built-in.o
 .text.do_env_save
                0x0000000001038ce0       0x30 common/built-in.o
 .text.do_env   0x0000000001038d10       0x70 common/built-in.o
 .text.env_print
                0x0000000001038d80       0xcc common/built-in.o
 .text.do_env_print
                0x0000000001038e4c       0xe4 common/built-in.o
 .text.do_env_import
                0x0000000001038f30      0x270 common/built-in.o
 .text.do_env_default
                0x00000000010391a0       0x98 common/built-in.o
 .text._do_env_set.isra.1
                0x0000000001039238      0x1dc common/built-in.o
 .text.do_env_set
                0x0000000001039414       0x1c common/built-in.o
 .text.get_env_id
                0x0000000001039430       0x10 common/built-in.o
                0x0000000001039430                get_env_id
 .text.setenv   0x0000000001039440       0x54 common/built-in.o
                0x0000000001039440                setenv
 .text.setenv_ulong
                0x0000000001039494       0x2c common/built-in.o
                0x0000000001039494                setenv_ulong
 .text.setenv_hex
                0x00000000010394c0       0x3c common/built-in.o
                0x00000000010394c0                setenv_hex
 .text.do_env_export
                0x00000000010394fc      0x260 common/built-in.o
 .text.envmatch
                0x000000000103975c       0x80 common/built-in.o
                0x000000000103975c                envmatch
 .text.getenv_f
                0x00000000010397dc       0xf8 common/built-in.o
                0x00000000010397dc                getenv_f
 .text.getenv   0x00000000010398d4       0x80 common/built-in.o
                0x00000000010398d4                getenv
 .text.getenv_hex
                0x0000000001039954       0x48 common/built-in.o
                0x0000000001039954                getenv_hex
 .text.getenv_ulong
                0x000000000103999c       0x44 common/built-in.o
                0x000000000103999c                getenv_ulong
 .text.env_get_char_spec
                0x00000000010399e0        0xc common/built-in.o
                0x00000000010399e0                env_get_char_spec
 .text.env_get_addr
                0x00000000010399ec       0x24 common/built-in.o
                0x00000000010399ec                env_get_addr
 .text.env_get_char_memory
                0x0000000001039a10       0x18 common/built-in.o
                0x0000000001039a10                env_get_char_memory
 .text.env_get_char
                0x0000000001039a28       0x2c common/built-in.o
                0x0000000001039a28                env_get_char
 .text.getenv_yesno
                0x0000000001039a54       0x48 common/built-in.o
                0x0000000001039a54                getenv_yesno
 .text.getenv_default
                0x0000000001039a9c       0x3c common/built-in.o
                0x0000000001039a9c                getenv_default
 .text.set_default_env
                0x0000000001039ad8       0xc0 common/built-in.o
                0x0000000001039ad8                set_default_env
 .text.set_default_vars
                0x0000000001039b98       0x2c common/built-in.o
                0x0000000001039b98                set_default_vars
 .text.env_import
                0x0000000001039bc4       0xf0 common/built-in.o
                0x0000000001039bc4                env_import
 .text.env_export
                0x0000000001039cb4       0x94 common/built-in.o
                0x0000000001039cb4                env_export
 .text.env_relocate
                0x0000000001039d48       0x30 common/built-in.o
                0x0000000001039d48                env_relocate
 .text._reserve_env_list_after_defenv
                0x0000000001039d78      0x14c common/built-in.o
 *fill*         0x0000000001039ec4        0x4 
 .text.do_defenv_reserv
                0x0000000001039ec8       0x50 common/built-in.o
 .text.console_setfile
                0x0000000001039f18       0xbc common/built-in.o
 .text.puts     0x0000000001039fd4       0x40 common/built-in.o
                0x0000000001039fd4                puts
 .text.printf   0x000000000103a014       0xe0 common/built-in.o
                0x000000000103a014                printf
 .text.fgetc    0x000000000103a0f4       0x34 common/built-in.o
                0x000000000103a0f4                fgetc
 .text.getc     0x000000000103a128       0x20 common/built-in.o
                0x000000000103a128                getc
 .text.ftstc    0x000000000103a148       0x34 common/built-in.o
                0x000000000103a148                ftstc
 .text.tstc     0x000000000103a17c       0x20 common/built-in.o
                0x000000000103a17c                tstc
 .text.fputc    0x000000000103a19c       0x30 common/built-in.o
                0x000000000103a19c                fputc
 .text.putc     0x000000000103a1cc       0x28 common/built-in.o
                0x000000000103a1cc                putc
 .text.vprintf  0x000000000103a1f4       0x50 common/built-in.o
                0x000000000103a1f4                vprintf
 .text.ctrlc    0x000000000103a244       0x64 common/built-in.o
                0x000000000103a244                ctrlc
 .text.confirm_yesno
                0x000000000103a2a8       0xdc common/built-in.o
                0x000000000103a2a8                confirm_yesno
 .text.had_ctrlc
                0x000000000103a384       0x10 common/built-in.o
                0x000000000103a384                had_ctrlc
 .text.clear_ctrlc