
Sections summary: name, offset, size [count]
  HeaderItem                :        0,       70  [1]
  StringIdItem              :       70,    5b6a4  [93609]
  TypeIdItem                :    5b714,     7714  [7621]
  ProtoIdItem               :    62e28,    2aa80  [14560]
  FieldIdItem               :    8d8a8,    54868  [43277]
  MethodIdItem              :    e2110,    7ff28  [65509]
  ClassDefItem              :   162038,    2eb00  [5976]
  AnnotationSetRefList      :   190b38,     73a0  [2257]
  AnnotationSetItem         :   197ed8,    14010  [7597]
  CodeItem                  :   1abee8,   3e2d34  [47819]
  AnnotationsDirectoryItem  :   58ec1c,    333e8  [5307]
  TypeList                  :   5c2004,    16cf4  [8652]
  StringDataItem            :   5d8cf8,   21382c  [93609]
  DebugInfoItem             :   7ec524,   1142f5  [46224]
  AnnotationItem            :   900819,    25467  [8913]
  EncodedArrayItem          :   925c80,    12701  [1563]
  ClassDataItem             :   938381,    7321f  [5923]
  MapList                   :   9ab5a0,       dc  [1]
