
Sections summary: name, offset, size [count]
  HeaderItem                :        0,       70  [1]
  StringIdItem              :       70,     9bac  [9963]
  TypeIdItem                :     9c1c,     1350  [1236]
  ProtoIdItem               :     af6c,     5a24  [1923]
  FieldIdItem               :    10990,     6010  [3074]
  MethodIdItem              :    169a0,     d740  [6888]
  ClassDefItem              :    240e0,     5640  [690]
  AnnotationSetRefList      :    29720,      144  [33]
  AnnotationSetItem         :    29864,     1fc4  [786]
  CodeItem                  :    2b828,    69d18  [4234]
  AnnotationsDirectoryItem  :    95540,     2fd8  [544]
  TypeList                  :    98518,     2ec4  [1195]
  StringDataItem            :    9b3dc,    325bb  [9963]
  DebugInfoItem             :    cd997,    19867  [3802]
  AnnotationItem            :    e71fe,     3999  [905]
  EncodedArrayItem          :    eab97,      2c2  [26]
  ClassDataItem             :    eae59,     874b  [677]
  MapList                   :    f35a4,       dc  [1]
